
============================================================
ANO 2000
============================================================
  Mapa secao->local 2006: 353942 secoes (AC,AL,AM,AP,BA,CE,ES,GO,MA,MG,MS,MT,PA,PB,PE,PI,PR,RJ,RN,RO,RR,RS,SC,SE,SP,TO)

[AC 2000]
    prefeito t1 AC: 22 municipios -> prefeito_2000_ord_t1_AC.zip
    vereador AC: 22 municipios -> vereadores_2000_AC.zip

[AL 2000]
    prefeito t1 AL: 102 municipios -> prefeito_2000_ord_t1_AL.zip
    prefeito t2 AL: 1 municipios -> prefeito_2000_ord_t2_AL.zip
    vereador AL: 102 municipios -> vereadores_2000_AL.zip

[AM 2000]
    prefeito t1 AM: 62 municipios -> prefeito_2000_ord_t1_AM.zip
    prefeito t2 AM: 1 municipios -> prefeito_2000_ord_t2_AM.zip
    vereador AM: 62 municipios -> vereadores_2000_AM.zip

[AP 2000]
    prefeito t1 AP: 16 municipios -> prefeito_2000_ord_t1_AP.zip
    vereador AP: 16 municipios -> vereadores_2000_AP.zip

[BA 2000]
    prefeito t1 BA: 417 municipios -> prefeito_2000_ord_t1_BA.zip
    vereador BA: 417 municipios -> vereadores_2000_BA.zip

[CE 2000]
    prefeito t1 CE: 184 municipios -> prefeito_2000_ord_t1_CE.zip
    prefeito t2 CE: 1 municipios -> prefeito_2000_ord_t2_CE.zip
    vereador CE: 184 municipios -> vereadores_2000_CE.zip

[ES 2000]
    prefeito t1 ES: 78 municipios -> prefeito_2000_ord_t1_ES.zip
    vereador ES: 78 municipios -> vereadores_2000_ES.zip

[GO 2000]
    prefeito t1 GO: 245 municipios -> prefeito_2000_ord_t1_GO.zip
    prefeito t2 GO: 1 municipios -> prefeito_2000_ord_t2_GO.zip
    vereador GO: 245 municipios -> vereadores_2000_GO.zip

[MA 2000]
    prefeito t1 MA: 214 municipios -> prefeito_2000_ord_t1_MA.zip
    vereador MA: 214 municipios -> vereadores_2000_MA.zip

[MG 2000]
    prefeito t1 MG: 853 municipios -> prefeito_2000_ord_t1_MG.zip
    prefeito t2 MG: 4 municipios -> prefeito_2000_ord_t2_MG.zip
    vereador MG: 853 municipios -> vereadores_2000_MG.zip

[MS 2000]
    prefeito t1 MS: 77 municipios -> prefeito_2000_ord_t1_MS.zip
    vereador MS: 77 municipios -> vereadores_2000_MS.zip

[MT 2000]
    prefeito t1 MT: 139 municipios -> prefeito_2000_ord_t1_MT.zip
    vereador MT: 139 municipios -> vereadores_2000_MT.zip

[PA 2000]
    prefeito t1 PA: 143 municipios -> prefeito_2000_ord_t1_PA.zip
    prefeito t2 PA: 1 municipios -> prefeito_2000_ord_t2_PA.zip
    vereador PA: 143 municipios -> vereadores_2000_PA.zip

[PB 2000]
    prefeito t1 PB: 223 municipios -> prefeito_2000_ord_t1_PB.zip
    vereador PB: 223 municipios -> vereadores_2000_PB.zip

[PE 2000]
    prefeito t1 PE: 184 municipios -> prefeito_2000_ord_t1_PE.zip
    prefeito t2 PE: 3 municipios -> prefeito_2000_ord_t2_PE.zip
    vereador PE: 184 municipios -> vereadores_2000_PE.zip

[PI 2000]
    prefeito t1 PI: 222 municipios -> prefeito_2000_ord_t1_PI.zip
    vereador PI: 222 municipios -> vereadores_2000_PI.zip

[PR 2000]
    prefeito t1 PR: 399 municipios -> prefeito_2000_ord_t1_PR.zip
    prefeito t2 PR: 3 municipios -> prefeito_2000_ord_t2_PR.zip
    vereador PR: 399 municipios -> vereadores_2000_PR.zip

[RJ 2000]
    prefeito t1 RJ: 92 municipios -> prefeito_2000_ord_t1_RJ.zip
    prefeito t2 RJ: 4 municipios -> prefeito_2000_ord_t2_RJ.zip
    vereador RJ: 92 municipios -> vereadores_2000_RJ.zip

[RN 2000]
    prefeito t1 RN: 167 municipios -> prefeito_2000_ord_t1_RN.zip
    vereador RN: 167 municipios -> vereadores_2000_RN.zip

[RO 2000]
    prefeito t1 RO: 52 municipios -> prefeito_2000_ord_t1_RO.zip
    vereador RO: 52 municipios -> vereadores_2000_RO.zip

[RR 2000]
    prefeito t1 RR: 15 municipios -> prefeito_2000_ord_t1_RR.zip
    vereador RR: 15 municipios -> vereadores_2000_RR.zip

[RS 2000]
    prefeito t1 RS: 497 municipios -> prefeito_2000_ord_t1_RS.zip
    prefeito t2 RS: 4 municipios -> prefeito_2000_ord_t2_RS.zip
    vereador RS: 497 municipios -> vereadores_2000_RS.zip

[SC 2000]
    prefeito t1 SC: 293 municipios -> prefeito_2000_ord_t1_SC.zip
    vereador SC: 293 municipios -> vereadores_2000_SC.zip

[SE 2000]
    prefeito t1 SE: 75 municipios -> prefeito_2000_ord_t1_SE.zip
    vereador SE: 75 municipios -> vereadores_2000_SE.zip

[SP 2000]
    prefeito t1 SP: 645 municipios -> prefeito_2000_ord_t1_SP.zip
    prefeito t2 SP: 8 municipios -> prefeito_2000_ord_t2_SP.zip
    vereador SP: 645 municipios -> vereadores_2000_SP.zip

[TO 2000]
  TO 2000: sem dados de secao; usando apenas totais do munzona.
    prefeito t1 TO: 139 municipios -> prefeito_2000_ord_t1_TO.zip
    vereador TO: 139 municipios -> vereadores_2000_TO.zip
  official_totals_vereadores_2000.json salvo (26 UFs).

============================================================
ANO 2004
============================================================

[AC 2004]
    prefeito t1 AC: 22 municipios -> prefeito_2004_ord_t1_AC.zip
    vereador AC: 22 municipios -> vereadores_2004_AC.zip

[AL 2004]
    prefeito t1 AL: 102 municipios -> prefeito_2004_ord_t1_AL.zip
    prefeito t2 AL: 1 municipios -> prefeito_2004_ord_t2_AL.zip
    vereador AL: 102 municipios -> vereadores_2004_AL.zip

[AM 2004]
    prefeito t1 AM: 62 municipios -> prefeito_2004_ord_t1_AM.zip
    prefeito t2 AM: 1 municipios -> prefeito_2004_ord_t2_AM.zip
    vereador AM: 62 municipios -> vereadores_2004_AM.zip

[AP 2004]
    prefeito t1 AP: 16 municipios -> prefeito_2004_ord_t1_AP.zip
    vereador AP: 16 municipios -> vereadores_2004_AP.zip

[BA 2004]
    prefeito t1 BA: 417 municipios -> prefeito_2004_ord_t1_BA.zip
    prefeito t2 BA: 1 municipios -> prefeito_2004_ord_t2_BA.zip
    vereador BA: 417 municipios -> vereadores_2004_BA.zip

[CE 2004]
    prefeito t1 CE: 184 municipios -> prefeito_2004_ord_t1_CE.zip
    prefeito t2 CE: 1 municipios -> prefeito_2004_ord_t2_CE.zip
    vereador CE: 184 municipios -> vereadores_2004_CE.zip

[ES 2004]
    prefeito t1 ES: 78 municipios -> prefeito_2004_ord_t1_ES.zip
    prefeito t2 ES: 2 municipios -> prefeito_2004_ord_t2_ES.zip
    vereador ES: 78 municipios -> vereadores_2004_ES.zip

[GO 2004]
    prefeito t1 GO: 246 municipios -> prefeito_2004_ord_t1_GO.zip
    prefeito t2 GO: 2 municipios -> prefeito_2004_ord_t2_GO.zip
    vereador GO: 246 municipios -> vereadores_2004_GO.zip

[MA 2004]
    prefeito t1 MA: 217 municipios -> prefeito_2004_ord_t1_MA.zip
    vereador MA: 217 municipios -> vereadores_2004_MA.zip

[MG 2004]
    prefeito t1 MG: 853 municipios -> prefeito_2004_ord_t1_MG.zip
    prefeito t2 MG: 4 municipios -> prefeito_2004_ord_t2_MG.zip
    vereador MG: 853 municipios -> vereadores_2004_MG.zip

[MS 2004]
    prefeito t1 MS: 78 municipios -> prefeito_2004_ord_t1_MS.zip
    vereador MS: 78 municipios -> vereadores_2004_MS.zip

[MT 2004]
    prefeito t1 MT: 141 municipios -> prefeito_2004_ord_t1_MT.zip
    prefeito t2 MT: 1 municipios -> prefeito_2004_ord_t2_MT.zip
    vereador MT: 141 municipios -> vereadores_2004_MT.zip

[PA 2004]
    prefeito t1 PA: 143 municipios -> prefeito_2004_ord_t1_PA.zip
    prefeito t2 PA: 1 municipios -> prefeito_2004_ord_t2_PA.zip
    vereador PA: 143 municipios -> vereadores_2004_PA.zip

[PB 2004]
    prefeito t1 PB: 223 municipios -> prefeito_2004_ord_t1_PB.zip
    prefeito t2 PB: 1 municipios -> prefeito_2004_ord_t2_PB.zip
    vereador PB: 223 municipios -> vereadores_2004_PB.zip

[PE 2004]
    prefeito t1 PE: 184 municipios -> prefeito_2004_ord_t1_PE.zip
    prefeito t2 PE: 1 municipios -> prefeito_2004_ord_t2_PE.zip
    vereador PE: 184 municipios -> vereadores_2004_PE.zip

[PI 2004]
    prefeito t1 PI: 223 municipios -> prefeito_2004_ord_t1_PI.zip
    prefeito t2 PI: 1 municipios -> prefeito_2004_ord_t2_PI.zip
    vereador PI: 223 municipios -> vereadores_2004_PI.zip

[PR 2004]
    prefeito t1 PR: 399 municipios -> prefeito_2004_ord_t1_PR.zip
    prefeito t2 PR: 4 municipios -> prefeito_2004_ord_t2_PR.zip
    vereador PR: 399 municipios -> vereadores_2004_PR.zip

[RJ 2004]
    prefeito t1 RJ: 92 municipios -> prefeito_2004_ord_t1_RJ.zip
    prefeito t2 RJ: 5 municipios -> prefeito_2004_ord_t2_RJ.zip
    vereador RJ: 92 municipios -> vereadores_2004_RJ.zip

[RN 2004]
    prefeito t1 RN: 167 municipios -> prefeito_2004_ord_t1_RN.zip
    prefeito t2 RN: 1 municipios -> prefeito_2004_ord_t2_RN.zip
    vereador RN: 167 municipios -> vereadores_2004_RN.zip

[RO 2004]
    prefeito t1 RO: 52 municipios -> prefeito_2004_ord_t1_RO.zip
    prefeito t2 RO: 1 municipios -> prefeito_2004_ord_t2_RO.zip
    vereador RO: 52 municipios -> vereadores_2004_RO.zip

[RR 2004]
    prefeito t1 RR: 15 municipios -> prefeito_2004_ord_t1_RR.zip
    vereador RR: 15 municipios -> vereadores_2004_RR.zip

[RS 2004]
    prefeito t1 RS: 496 municipios -> prefeito_2004_ord_t1_RS.zip
    prefeito t2 RS: 3 municipios -> prefeito_2004_ord_t2_RS.zip
    vereador RS: 496 municipios -> vereadores_2004_RS.zip

[SC 2004]
    prefeito t1 SC: 293 municipios -> prefeito_2004_ord_t1_SC.zip
    prefeito t2 SC: 1 municipios -> prefeito_2004_ord_t2_SC.zip
    vereador SC: 293 municipios -> vereadores_2004_SC.zip

[SE 2004]
    prefeito t1 SE: 75 municipios -> prefeito_2004_ord_t1_SE.zip
    vereador SE: 75 municipios -> vereadores_2004_SE.zip

[SP 2004]
    prefeito t1 SP: 645 municipios -> prefeito_2004_ord_t1_SP.zip
    prefeito t2 SP: 11 municipios -> prefeito_2004_ord_t2_SP.zip
    vereador SP: 645 municipios -> vereadores_2004_SP.zip

[TO 2004]
    prefeito t1 TO: 139 municipios -> prefeito_2004_ord_t1_TO.zip
    vereador TO: 139 municipios -> vereadores_2004_TO.zip
  official_totals_vereadores_2004.json salvo (26 UFs).
  lista_municipios.json atualizado.

  Relatorio de zonas problematicas: 197 linhas -> C:\Users\lixov\OneDrive\Documentos\Observatorio\Resultados 2000-2004\zonas_problematicas_2000_2004.csv
  Lacunas preenchidas via munzona: 1302 linhas -> C:\Users\lixov\OneDrive\Documentos\Observatorio\Resultados 2000-2004\lacunas_preenchidas_munzona_2000_2004.csv

CONCLUIDO.
