    baixando TSE 2008 AL ...
  1998 AL: 1 cidades
    baixando TSE 2008 BA ...
  1998 BA: 2 cidades
    baixando TSE 2008 ES ...
  1998 ES: 1 cidades
    baixando TSE 2008 GO ...
  1998 GO: 4 cidades
    baixando TSE 2002 GO ...
  2002 GO: 0 cidades
    baixando TSE 2008 MS ...
  1998 MS: 0 cidades
    baixando TSE 2002 MS ...
  2002 MS: 0 cidades
    baixando TSE 2008 MT ...
  1998 MT: 9 cidades
    baixando TSE 2002 MT ...
  2002 MT: 0 cidades
    baixando TSE 2006 MT ...
  2006 MT: 0 cidades
    baixando TSE 2008 PI ...
  1998 PI: 2 cidades
    baixando TSE 2002 PI ...
  2002 PI: 1 cidades
    baixando TSE 2006 PI ...
  2006 PI: 0 cidades
    baixando TSE 2008 RJ ...
  1998 RJ: 1 cidades
  1998 RS: 24 cidades
  2002 RS: 0 cidades

OK -> C:\Users\lixov\OneDrive\Documentos\Observatorio\resultados_geo\emancipacoes_pre2014.json  (45 cidades-ano, 45 linhas CSV)
     C:\Users\lixov\OneDrive\Documentos\Observatorio\resultados_geo\cidades_ausentes_por_ano.csv  (55 cidades ausentes catalogadas)
