  1998 AL: 1 cidades
  1998 BA: 2 cidades
  1998 ES: 1 cidades
  1998 GO: 4 cidades
  2002 GO: 0 cidades
  1998 MS: 1 cidades
  2002 MS: 1 cidades
  2006 MS: 1 cidades
  2010 MS: 0 cidades
  1998 MT: 9 cidades
  2002 MT: 0 cidades
  2006 MT: 0 cidades
    baixando TSE 2008 PA ...
  1998 PA: 0 cidades
  2002 PA: 0 cidades
  2006 PA: 0 cidades
  2010 PA: 0 cidades
  1998 PI: 2 cidades
  2002 PI: 1 cidades
  2006 PI: 0 cidades
  1998 RJ: 1 cidades
  1998 RS: 24 cidades
  2002 RS: 0 cidades
  2006 RS: 1 cidades
  2010 RS: 1 cidades
    baixando TSE 2008 SC ...
    baixando TSE 2012 SC ...
  1998 SC: 2 cidades
  2002 SC: 2 cidades
    baixando TSE 2006 SC ...
  2006 SC: 2 cidades
    baixando TSE 2010 SC ...
  2010 SC: 2 cidades
  presidente 2002 preenchido (varredura dirigida do arquivo BR).
  presidente 2006 preenchido (varredura dirigida do arquivo BR).
  presidente 2010 preenchido (varredura dirigida do arquivo BR).

OK -> C:\Users\lixov\OneDrive\Documentos\Observatorio\resultados_geo\emancipacoes_pre2014.json  (58 cidades-ano, 58 linhas CSV)
     C:\Users\lixov\OneDrive\Documentos\Observatorio\resultados_geo\cidades_ausentes_por_ano.csv  (71 cidades ausentes catalogadas)
